// Jest Snapshot v1, https://goo.gl/fbAQLP

exports[`MediaCard MediaCard:: must match the snapshot 1`] = `
<div>
  <div
    class="MuiPaper-root MuiPaper-elevation MuiPaper-rounded MuiPaper-elevation1 MuiCard-root sc-bdvvtL inSzaB css-bhp9pd-MuiPaper-root-MuiCard-root"
  >
    <img
      alt="poster image"
      class="MuiCardMedia-root MuiCardMedia-media MuiCardMedia-img css-o69gx8-MuiCardMedia-root"
      height="200"
      src="https://image.tmdb.org/t/p/original//6NUjtmU99inCbQ6TkwoTDSQuzIU.jpg"
    />
    <div
      class="MuiCardContent-root css-46bh2p-MuiCardContent-root"
    >
      <div
        class="MuiTypography-root MuiTypography-h5 MuiTypography-gutterBottom css-h93ljk-MuiTypography-root"
      >
        Walking the Americas
      </div>
      <p
        class="MuiTypography-root MuiTypography-body2 sc-gsDKAQ dfClLr css-r40f8v-MuiTypography-root"
        title="Explorer Levison Wood sets out to trek 1800 miles from Mexico to Colombia, through fascinating, beautiful and diverse regions, and meets people living everywhere from violent cities to deep jungle."
      >
        Explorer Levison Wood sets out to trek 1800 miles from Mexico to Colombia, through fascinating, beautiful and diverse regions, and meets people living everywhere from violent cities to deep jungle.
      </p>
    </div>
  </div>
</div>
`;
